
========== api log ==========
INFO     root:test_all_case.py:63 ====运行所有测试用例====
INFO     root:test_all_case.py:67 文件名为E:\Pycharm-WorkSpace\AutoTestPlatform\upload_yaml\project_1\suite_2\api\test_api_1.yaml
INFO     root:test_all_case.py:69 ====所有测试用例执行结束====

INFO     root:test_all_case.py:34 ----运行业务流程测试用例----
INFO     root:test_all_case.py:48 feature:登录模块
INFO     root:test_all_case.py:49 story:登录接口
INFO     root:test_all_case.py:50 title:登录成功
INFO     root:test_all_case.py:51 description:登录admin账号
INFO     root:request_util.py:16 请求数据
{
    "headers": {
        "Content-Type": "application/json"
    },
    "json": {
        "password": "123456",
        "username": "admin"
    },
    "method": "POST",
    "url": "http://127.0.0.1:8888/api/private/v1/login"
}
INFO     root:request_util.py:22 响应数据
{
    "data": {
        "id": 500,
        "rid": 0,
        "username": "admin",
        "mobile": "12345678",
        "email": "adsfad@qq.com",
        "token": "Bearer eyJhbGciOiJIUzI1NiIsInR5cCI6IkpXVCJ9.eyJ1aWQiOjUwMCwicmlkIjowLCJpYXQiOjE3OTAwNDcyODUsImV4cCI6MTc5MDEzMzY4NX0.WOEKEhFc-spLgqvH71Xe5ixf1Os6Jhp4PDhFEEcWvqs"
    },
    "meta": {
        "msg": "登录成功",
        "status": 200
    }
}
INFO     root:extract_util.py:22 提取接口关联参数token:Bearer eyJhbGciOiJIUzI1NiIsInR5cCI6IkpXVCJ9.eyJ1aWQiOjUwMCwicmlkIjowLCJpYXQiOjE3OTAwNDcyODUsImV4cCI6MTc5MDEzMzY4NX0.WOEKEhFc-spLgqvH71Xe5ixf1Os6Jhp4PDhFEEcWvqs
INFO     root:test_all_case.py:48 feature:用户管理模块
INFO     root:test_all_case.py:49 story:创建用户接口
INFO     root:test_all_case.py:50 title:test_create_user_success_01
INFO     root:test_all_case.py:51 description:创建用户llc账号成功
INFO     root:request_util.py:16 请求数据
{
    "headers": {
        "Authorization": "Bearer eyJhbGciOiJIUzI1NiIsInR5cCI6IkpXVCJ9.eyJ1aWQiOjUwMCwicmlkIjowLCJpYXQiOjE3OTAwNDcyODUsImV4cCI6MTc5MDEzMzY4NX0.WOEKEhFc-spLgqvH71Xe5ixf1Os6Jhp4PDhFEEcWvqs",
        "Content-Type": "application/json"
    },
    "json": {
        "email": "llc3526823227@163.com",
        "mobile": "13451038652",
        "password": "3526823227llc",
        "rid": 10,
        "username": "llc"
    },
    "method": "POST",
    "url": "http://127.0.0.1:8888/api/private/v1/users"
}
INFO     root:request_util.py:22 响应数据
{
    "data": null,
    "meta": {
        "msg": "用户名已存在",
        "status": 400
    }
}
INFO     root:assert_util.py:44 响应断言json字段包含:实际结果'用户名已存在'in预期结果'创建成功'
INFO     root:test_all_case.py:42 ----业务流程测试用例执行结束----

INFO     root:test_all_case.py:34 ----运行业务流程测试用例----
INFO     root:test_all_case.py:48 feature:登录模块
INFO     root:test_all_case.py:49 story:登录接口
INFO     root:test_all_case.py:50 title:登录成功
INFO     root:test_all_case.py:51 description:登录admin账号
INFO     root:request_util.py:16 请求数据
{
    "headers": {
        "Content-Type": "application/json"
    },
    "json": {
        "password": "123456",
        "username": "admin"
    },
    "method": "POST",
    "url": "http://127.0.0.1:8888/api/private/v1/login"
}
INFO     root:request_util.py:22 响应数据
{
    "data": {
        "id": 500,
        "rid": 0,
        "username": "admin",
        "mobile": "12345678",
        "email": "adsfad@qq.com",
        "token": "Bearer eyJhbGciOiJIUzI1NiIsInR5cCI6IkpXVCJ9.eyJ1aWQiOjUwMCwicmlkIjowLCJpYXQiOjE3OTAwNDcyODYsImV4cCI6MTc5MDEzMzY4Nn0.GQEV9xjuvZPYkdPRfNXlJm3bBP2e2B5bndmNabwT1SY"
    },
    "meta": {
        "msg": "登录成功",
        "status": 200
    }
}
INFO     root:extract_util.py:22 提取接口关联参数token:Bearer eyJhbGciOiJIUzI1NiIsInR5cCI6IkpXVCJ9.eyJ1aWQiOjUwMCwicmlkIjowLCJpYXQiOjE3OTAwNDcyODYsImV4cCI6MTc5MDEzMzY4Nn0.GQEV9xjuvZPYkdPRfNXlJm3bBP2e2B5bndmNabwT1SY
INFO     root:test_all_case.py:48 feature:用户管理模块
INFO     root:test_all_case.py:49 story:创建用户接口
INFO     root:test_all_case.py:50 title:test_create_user_success_02
INFO     root:test_all_case.py:51 description:创建用户user账号成功
INFO     root:request_util.py:16 请求数据
{
    "headers": {
        "Authorization": "Bearer eyJhbGciOiJIUzI1NiIsInR5cCI6IkpXVCJ9.eyJ1aWQiOjUwMCwicmlkIjowLCJpYXQiOjE3OTAwNDcyODYsImV4cCI6MTc5MDEzMzY4Nn0.GQEV9xjuvZPYkdPRfNXlJm3bBP2e2B5bndmNabwT1SY",
        "Content-Type": "application/json"
    },
    "json": {
        "email": "llc3526823221@163.com",
        "mobile": "13451038651",
        "password": "123456a",
        "rid": 11,
        "username": "user"
    },
    "method": "POST",
    "url": "http://127.0.0.1:8888/api/private/v1/users"
}
INFO     root:request_util.py:22 响应数据
{
    "data": null,
    "meta": {
        "msg": "用户名已存在",
        "status": 400
    }
}
INFO     root:assert_util.py:44 响应断言json字段包含:实际结果'用户名已存在'in预期结果'创建成功'
INFO     root:test_all_case.py:42 ----业务流程测试用例执行结束----


========== ui log ==========
